// Jest Snapshot v1, https://goo.gl/fbAQLP

exports[`Add property 1`] = `
<DocumentFragment>
  <div
    class="add-property"
  >
    <form>
      <label
        for="title"
      >
        Title
        <input
          id="title"
          name="title"
          type="text"
          value=""
        />
      </label>
      <div>
        <label
          for="city"
        >
          City
          <select
            id="city"
            name="city"
          >
            <option
              value="Manchester"
            >
              Manchester
            </option>
            <option
              value="Leeds"
            >
              Leeds
            </option>
            <option
              value="Sheffield"
            >
              Sheffield
            </option>
            <option
              value="Liverpool"
            >
              Liverpool
            </option>
          </select>
        </label>
      </div>
      <div>
        <label
          for="bedrooms"
        >
          No of Bedrooms
          <input
            id="bedrooms"
            name="bedrooms"
            type="number"
            value="0"
          />
        </label>
      </div>
      <div>
        <label
          for="bathrooms"
        >
          No of Bathrooms
          <input
            id="bathrooms"
            name="bathrooms"
            type="number"
            value="0"
          />
        </label>
      </div>
      <div>
        <label
          for="price"
        >
          Price
          <input
            id="price"
            name="price"
            type="number"
            value="0"
          />
        </label>
      </div>
      <div>
        <label
          for="type"
        >
          Type
          <select
            id="type"
            name="type"
          >
            <option
              value="Flat"
            >
              Flat
            </option>
            <option
              value="Detached"
            >
              Detached
            </option>
            <option
              value="Semi-Detached"
            >
              Semi-Detached
            </option>
            <option
              value="Terraced"
            >
              Terraced
            </option>
            <option
              value="End of Terrace"
            >
              End of Terrace
            </option>
            <option
              value="Cottage"
            >
              Cottage
            </option>
            <option
              value="Bungalow"
            >
              Bungalow
            </option>
          </select>
        </label>
      </div>
      <div>
        <label
          for="email"
        >
          Email
          <input
            id="email"
            name="email"
            type="email"
            value=""
          />
        </label>
      </div>
      <button
        type="submit"
      >
        Add
      </button>
    </form>
    <div>
      Add Property Page
    </div>
  </div>
</DocumentFragment>
`;
